
*** Running vivado
    with args -log fingerprint_processor_top.vds -m64 -product Vivado -mode batch -messageDb vivado.pb -notrace -source fingerprint_processor_top.tcl



****** Vivado v2024.2 (64-bit)
  **** SW Build 5239630 on Fri Nov 08 22:35:27 MST 2024
  **** IP Build 5239520 on Sun Nov 10 16:12:51 MST 2024
  **** SharedData Build 5239561 on Fri Nov 08 14:39:27 MST 2024
  **** Start of session at: Mon Jul 14 01:10:30 2025
    ** Copyright 1986-2022 Xilinx, Inc. All Rights Reserved.
    ** Copyright 2022-2024 Advanced Micro Devices, Inc. All Rights Reserved.

source fingerprint_processor_top.tcl -notrace
Command: synth_design -top fingerprint_processor_top -part xc7z020clg484-1
Starting synth_design
Attempting to get a license for feature 'Synthesis' and/or device 'xc7z020'
INFO: [Common 17-349] Got license for feature 'Synthesis' and/or device 'xc7z020'
INFO: [Synth 8-7079] Multithreading enabled for synth_design using a maximum of 2 processes.
INFO: [Synth 8-7078] Launching helper process for spawning children vivado processes
INFO: [Synth 8-7075] Helper process launched with PID 14424
---------------------------------------------------------------------------------
Starting Synthesize : Time (s): cpu = 00:00:05 ; elapsed = 00:00:06 . Memory (MB): peak = 845.609 ; gain = 476.008
---------------------------------------------------------------------------------
ERROR: [Synth 8-9917] port 'pixel_line' must not be declared to be an array [C:/Users/kound/fingerprint_processor/fingerprint_processor.srcs/sources_1/new/binarisation.v:26]
ERROR: [Synth 8-8960] 'mvcu_inputs' needs 2 dimensions [C:/Users/kound/fingerprint_processor/fingerprint_processor.srcs/sources_1/new/binarisation.v:63]
INFO: [Synth 8-10285] module 'binarization_stage' is ignored due to previous errors [C:/Users/kound/fingerprint_processor/fingerprint_processor.srcs/sources_1/new/binarisation.v:187]
INFO: [Synth 8-9084] Verilog file 'C:/Users/kound/fingerprint_processor/fingerprint_processor.srcs/sources_1/new/binarisation.v' ignored due to errors
ERROR: [Synth 8-12188] Failed to read verilog 'C:/Users/kound/fingerprint_processor/fingerprint_processor.srcs/sources_1/new/binarisation.v'
---------------------------------------------------------------------------------
Finished Synthesize : Time (s): cpu = 00:00:06 ; elapsed = 00:00:07 . Memory (MB): peak = 944.738 ; gain = 575.137
---------------------------------------------------------------------------------
synthesize failed
INFO: [Common 17-83] Releasing license: Synthesis
7 Infos, 0 Warnings, 0 Critical Warnings and 4 Errors encountered.
synth_design failed
ERROR: [Common 17-69] Command failed: Vivado Synthesis failed
INFO: [Common 17-206] Exiting Vivado at Mon Jul 14 01:10:49 2025...
